// Jest Snapshot v1, https://goo.gl/fbAQLP

exports[`state/apis/elexon/boalf.e2e.test.ts useBoalfQuery 1`] = `
[
  {
    "capacity": 15954.059,
    "output": 4186.84,
    "start": "2023-12-01T12:00:00Z",
  },
  {
    "capacity": 15954.059,
    "output": 4189.23,
    "start": "2023-12-01T12:30:00Z",
  },
]
`;

exports[`state/apis/sheffield/national.e2e.test.ts useNationalQuery 1`] = `
[
  {
    "capacity": 15954.059,
    "output": 4186.84,
    "start": "2023-12-01T12:00:00Z",
  },
  {
    "capacity": 15954.059,
    "output": 4189.23,
    "start": "2023-12-01T12:30:00Z",
  },
]
`;
