// Jest Snapshot v1, https://goo.gl/fbAQLP

exports[`state/apis/elexon/boalf.e2e.test.ts useBoalfQuery 1`] = `
[
  {
    "bmUnit": "T_MEDP-1",
    "boalfs": [
      {
        "acceptanceNumber": 126173,
        "acceptanceTime": "2023-11-30T23:58:00Z",
        "amendmentFlag": "ORI",
        "deemedBoFlag": false,
        "levels": [
          {
            "level": 706,
            "time": "2023-12-01T00:00:00Z",
          },
          {
            "level": 650,
            "time": "2023-12-01T00:03:00Z",
          },
        ],
        "rrFlag": false,
        "soFlag": false,
        "storFlag": false,
      },
    ],
  },
]
`;
